Archive member included to satisfy reference by file (symbol)

c:/7.0/toolchain/avr8/avr8-gnu-toolchain/bin/../lib/gcc/avr/5.4.0/avr5\libgcc.a(_divmodsi4.o)
                              ECUAL/lcd/LCD.o (__divmodsi4)
c:/7.0/toolchain/avr8/avr8-gnu-toolchain/bin/../lib/gcc/avr/5.4.0/avr5\libgcc.a(_negsi2.o)
                              c:/7.0/toolchain/avr8/avr8-gnu-toolchain/bin/../lib/gcc/avr/5.4.0/avr5\libgcc.a(_divmodsi4.o) (__negsi2)
c:/7.0/toolchain/avr8/avr8-gnu-toolchain/bin/../lib/gcc/avr/5.4.0/avr5\libgcc.a(_exit.o)
                              C:/7.0/Packs/atmel/ATmega_DFP/1.7.374/gcc/dev/atmega32/avr5/crtatmega32.o (exit)
c:/7.0/toolchain/avr8/avr8-gnu-toolchain/bin/../lib/gcc/avr/5.4.0/avr5\libgcc.a(_tablejump2.o)
                              ECUAL/lcd/LCD.o (__tablejump2__)
c:/7.0/toolchain/avr8/avr8-gnu-toolchain/bin/../lib/gcc/avr/5.4.0/avr5\libgcc.a(_copy_data.o)
                              APPLICATION/app.o (__do_copy_data)
c:/7.0/toolchain/avr8/avr8-gnu-toolchain/bin/../lib/gcc/avr/5.4.0/avr5\libgcc.a(_clear_bss.o)
                              APPLICATION/app.o (__do_clear_bss)
c:/7.0/toolchain/avr8/avr8-gnu-toolchain/bin/../lib/gcc/avr/5.4.0/avr5\libgcc.a(_udivmodsi4.o)
                              c:/7.0/toolchain/avr8/avr8-gnu-toolchain/bin/../lib/gcc/avr/5.4.0/avr5\libgcc.a(_divmodsi4.o) (__udivmodsi4)

Discarded input sections

 .data          0x00000000        0x0 C:/7.0/Packs/atmel/ATmega_DFP/1.7.374/gcc/dev/atmega32/avr5/crtatmega32.o
 .bss           0x00000000        0x0 C:/7.0/Packs/atmel/ATmega_DFP/1.7.374/gcc/dev/atmega32/avr5/crtatmega32.o
 .text          0x00000000        0x0 APPLICATION/app.o
 .data          0x00000000        0x0 APPLICATION/app.o
 .bss           0x00000000        0x0 APPLICATION/app.o
 .text          0x00000000        0x0 ECUAL/lcd/LCD.o
 .data          0x00000000        0x0 ECUAL/lcd/LCD.o
 .bss           0x00000000        0x0 ECUAL/lcd/LCD.o
 .text.Calc_Hex
                0x00000000      0x156 ECUAL/lcd/LCD.o
 .progmem.gcc_sw_table.Calc_Hex
                0x00000000       0x40 ECUAL/lcd/LCD.o
 .text.LCD_WriteCommand
                0x00000000       0x40 ECUAL/lcd/LCD.o
 .text.LCD_WriteData
                0x00000000       0x40 ECUAL/lcd/LCD.o
 .text.LCD_init
                0x00000000       0x38 ECUAL/lcd/LCD.o
 .text.LCD_WriteChar
                0x00000000        0x6 ECUAL/lcd/LCD.o
 .text.LCD_WriteString
                0x00000000       0x26 ECUAL/lcd/LCD.o
 .text.LCD_WriteBinary
                0x00000000       0x44 ECUAL/lcd/LCD.o
 .text.LCD_ReverseString
                0x00000000       0x3e ECUAL/lcd/LCD.o
 .text.LCD_WriteNumber
                0x00000000       0xce ECUAL/lcd/LCD.o
 .text.Print_Hex
                0x00000000       0x5a ECUAL/lcd/LCD.o
 .text.LCD_GoTo
                0x00000000       0x1c ECUAL/lcd/LCD.o
 .text.LCD_GoToClear
                0x00000000       0x20 ECUAL/lcd/LCD.o
 .text.LCD_WeiteHex
                0x00000000      0x142 ECUAL/lcd/LCD.o
 .progmem.gcc_sw_table.LCD_WeiteHex
                0x00000000       0x3a ECUAL/lcd/LCD.o
 .text.LCD_WriteHex_Mod
                0x00000000       0x2a ECUAL/lcd/LCD.o
 .text.LCD_WriteHex_Mod1
                0x00000000       0x6c ECUAL/lcd/LCD.o
 .text.LCD_Clear
                0x00000000        0x8 ECUAL/lcd/LCD.o
 .data.Hex_Rep  0x00000000       0x10 ECUAL/lcd/LCD.o
 .debug_info    0x00000000      0xae5 ECUAL/lcd/LCD.o
 .debug_abbrev  0x00000000      0x2af ECUAL/lcd/LCD.o
 .debug_loc     0x00000000      0xa3a ECUAL/lcd/LCD.o
 .debug_aranges
                0x00000000       0x98 ECUAL/lcd/LCD.o
 .debug_ranges  0x00000000       0x88 ECUAL/lcd/LCD.o
 .debug_line    0x00000000      0x7c1 ECUAL/lcd/LCD.o
 .debug_str     0x00000000      0x3da ECUAL/lcd/LCD.o
 .comment       0x00000000       0x31 ECUAL/lcd/LCD.o
 .debug_frame   0x00000000      0x1b4 ECUAL/lcd/LCD.o
 .text          0x00000000        0x0 ECUAL/led/LED.o
 .data          0x00000000        0x0 ECUAL/led/LED.o
 .bss           0x00000000        0x0 ECUAL/led/LED.o
 .text.LED_ON   0x00000000        0x8 ECUAL/led/LED.o
 .text.LED_OFF  0x00000000        0x8 ECUAL/led/LED.o
 .text          0x00000000        0x0 main.o
 .data          0x00000000        0x0 main.o
 .bss           0x00000000        0x0 main.o
 .text          0x00000000        0x0 MCAL/dio/DIO.o
 .data          0x00000000        0x0 MCAL/dio/DIO.o
 .bss           0x00000000        0x0 MCAL/dio/DIO.o
 .text.DIO_init
                0x00000000       0x20 MCAL/dio/DIO.o
 .text.DIO_WRitePin
                0x00000000      0x234 MCAL/dio/DIO.o
 .progmem.gcc_sw_table.DIO_WRitePin
                0x00000000       0x80 MCAL/dio/DIO.o
 .text.DIO_WritePort
                0x00000000       0x20 MCAL/dio/DIO.o
 .text.DIO_ReadPin
                0x00000000       0x88 MCAL/dio/DIO.o
 .text          0x00000000        0x0 MCAL/dio/DIO_Lcfg.o
 .data          0x00000000        0x0 MCAL/dio/DIO_Lcfg.o
 .bss           0x00000000        0x0 MCAL/dio/DIO_Lcfg.o
 .rodata.Pin_StatusArray
                0x00000000       0x20 MCAL/dio/DIO_Lcfg.o
 .debug_info    0x00000000      0x18d MCAL/dio/DIO_Lcfg.o
 .debug_abbrev  0x00000000       0x75 MCAL/dio/DIO_Lcfg.o
 .debug_aranges
                0x00000000       0x18 MCAL/dio/DIO_Lcfg.o
 .debug_line    0x00000000       0x47 MCAL/dio/DIO_Lcfg.o
 .debug_str     0x00000000      0x266 MCAL/dio/DIO_Lcfg.o
 .comment       0x00000000       0x31 MCAL/dio/DIO_Lcfg.o
 .text          0x00000000        0x0 MCAL/uart/uart.o
 .data          0x00000000        0x0 MCAL/uart/uart.o
 .bss           0x00000000        0x0 MCAL/uart/uart.o
 .text.uart_reciever
                0x00000000       0x12 MCAL/uart/uart.o
 .text          0x00000000        0x0 MCAL/uart/uart_config.o
 .data          0x00000000        0x0 MCAL/uart/uart_config.o
 .bss           0x00000000        0x0 MCAL/uart/uart_config.o
 .text          0x00000000        0x0 SERVICE/BCM/bcm.o
 .data          0x00000000        0x0 SERVICE/BCM/bcm.o
 .bss           0x00000000        0x0 SERVICE/BCM/bcm.o
 .text.bcm_deinit
                0x00000000       0x18 SERVICE/BCM/bcm.o
 .text.bcm_send
                0x00000000        0x6 SERVICE/BCM/bcm.o
 .text.bcm_send_Blocking
                0x00000000       0x2c SERVICE/BCM/bcm.o
 .text.bcm_recieve
                0x00000000       0x12 SERVICE/BCM/bcm.o
 .text.bcm_recieve_Blocking
                0x00000000       0x42 SERVICE/BCM/bcm.o
 .text          0x00000000        0x0 c:/7.0/toolchain/avr8/avr8-gnu-toolchain/bin/../lib/gcc/avr/5.4.0/avr5\libgcc.a(_divmodsi4.o)
 .data          0x00000000        0x0 c:/7.0/toolchain/avr8/avr8-gnu-toolchain/bin/../lib/gcc/avr/5.4.0/avr5\libgcc.a(_divmodsi4.o)
 .bss           0x00000000        0x0 c:/7.0/toolchain/avr8/avr8-gnu-toolchain/bin/../lib/gcc/avr/5.4.0/avr5\libgcc.a(_divmodsi4.o)
 .text.libgcc.mul
                0x00000000        0x0 c:/7.0/toolchain/avr8/avr8-gnu-toolchain/bin/../lib/gcc/avr/5.4.0/avr5\libgcc.a(_divmodsi4.o)
 .text.libgcc.div
                0x00000000       0x2e c:/7.0/toolchain/avr8/avr8-gnu-toolchain/bin/../lib/gcc/avr/5.4.0/avr5\libgcc.a(_divmodsi4.o)
 .text.libgcc   0x00000000        0x0 c:/7.0/toolchain/avr8/avr8-gnu-toolchain/bin/../lib/gcc/avr/5.4.0/avr5\libgcc.a(_divmodsi4.o)
 .text.libgcc.prologue
                0x00000000        0x0 c:/7.0/toolchain/avr8/avr8-gnu-toolchain/bin/../lib/gcc/avr/5.4.0/avr5\libgcc.a(_divmodsi4.o)
 .text.libgcc.builtins
                0x00000000        0x0 c:/7.0/toolchain/avr8/avr8-gnu-toolchain/bin/../lib/gcc/avr/5.4.0/avr5\libgcc.a(_divmodsi4.o)
 .text.libgcc.fmul
                0x00000000        0x0 c:/7.0/toolchain/avr8/avr8-gnu-toolchain/bin/../lib/gcc/avr/5.4.0/avr5\libgcc.a(_divmodsi4.o)
 .text.libgcc.fixed
                0x00000000        0x0 c:/7.0/toolchain/avr8/avr8-gnu-toolchain/bin/../lib/gcc/avr/5.4.0/avr5\libgcc.a(_divmodsi4.o)
 .text          0x00000000        0x0 c:/7.0/toolchain/avr8/avr8-gnu-toolchain/bin/../lib/gcc/avr/5.4.0/avr5\libgcc.a(_negsi2.o)
 .data          0x00000000        0x0 c:/7.0/toolchain/avr8/avr8-gnu-toolchain/bin/../lib/gcc/avr/5.4.0/avr5\libgcc.a(_negsi2.o)
 .bss           0x00000000        0x0 c:/7.0/toolchain/avr8/avr8-gnu-toolchain/bin/../lib/gcc/avr/5.4.0/avr5\libgcc.a(_negsi2.o)
 .text.libgcc.mul
                0x00000000        0x0 c:/7.0/toolchain/avr8/avr8-gnu-toolchain/bin/../lib/gcc/avr/5.4.0/avr5\libgcc.a(_negsi2.o)
 .text.libgcc.div
                0x00000000       0x10 c:/7.0/toolchain/avr8/avr8-gnu-toolchain/bin/../lib/gcc/avr/5.4.0/avr5\libgcc.a(_negsi2.o)
 .text.libgcc   0x00000000        0x0 c:/7.0/toolchain/avr8/avr8-gnu-toolchain/bin/../lib/gcc/avr/5.4.0/avr5\libgcc.a(_negsi2.o)
 .text.libgcc.prologue
                0x00000000        0x0 c:/7.0/toolchain/avr8/avr8-gnu-toolchain/bin/../lib/gcc/avr/5.4.0/avr5\libgcc.a(_negsi2.o)
 .text.libgcc.builtins
                0x00000000        0x0 c:/7.0/toolchain/avr8/avr8-gnu-toolchain/bin/../lib/gcc/avr/5.4.0/avr5\libgcc.a(_negsi2.o)
 .text.libgcc.fmul
                0x00000000        0x0 c:/7.0/toolchain/avr8/avr8-gnu-toolchain/bin/../lib/gcc/avr/5.4.0/avr5\libgcc.a(_negsi2.o)
 .text.libgcc.fixed
                0x00000000        0x0 c:/7.0/toolchain/avr8/avr8-gnu-toolchain/bin/../lib/gcc/avr/5.4.0/avr5\libgcc.a(_negsi2.o)
 .text          0x00000000        0x0 c:/7.0/toolchain/avr8/avr8-gnu-toolchain/bin/../lib/gcc/avr/5.4.0/avr5\libgcc.a(_exit.o)
 .data          0x00000000        0x0 c:/7.0/toolchain/avr8/avr8-gnu-toolchain/bin/../lib/gcc/avr/5.4.0/avr5\libgcc.a(_exit.o)
 .bss           0x00000000        0x0 c:/7.0/toolchain/avr8/avr8-gnu-toolchain/bin/../lib/gcc/avr/5.4.0/avr5\libgcc.a(_exit.o)
 .text.libgcc.mul
                0x00000000        0x0 c:/7.0/toolchain/avr8/avr8-gnu-toolchain/bin/../lib/gcc/avr/5.4.0/avr5\libgcc.a(_exit.o)
 .text.libgcc.div
                0x00000000        0x0 c:/7.0/toolchain/avr8/avr8-gnu-toolchain/bin/../lib/gcc/avr/5.4.0/avr5\libgcc.a(_exit.o)
 .text.libgcc   0x00000000        0x0 c:/7.0/toolchain/avr8/avr8-gnu-toolchain/bin/../lib/gcc/avr/5.4.0/avr5\libgcc.a(_exit.o)
 .text.libgcc.prologue
                0x00000000        0x0 c:/7.0/toolchain/avr8/avr8-gnu-toolchain/bin/../lib/gcc/avr/5.4.0/avr5\libgcc.a(_exit.o)
 .text.libgcc.builtins
                0x00000000        0x0 c:/7.0/toolchain/avr8/avr8-gnu-toolchain/bin/../lib/gcc/avr/5.4.0/avr5\libgcc.a(_exit.o)
 .text.libgcc.fmul
                0x00000000        0x0 c:/7.0/toolchain/avr8/avr8-gnu-toolchain/bin/../lib/gcc/avr/5.4.0/avr5\libgcc.a(_exit.o)
 .text.libgcc.fixed
                0x00000000        0x0 c:/7.0/toolchain/avr8/avr8-gnu-toolchain/bin/../lib/gcc/avr/5.4.0/avr5\libgcc.a(_exit.o)
 .text          0x00000000        0x0 c:/7.0/toolchain/avr8/avr8-gnu-toolchain/bin/../lib/gcc/avr/5.4.0/avr5\libgcc.a(_tablejump2.o)
 .data          0x00000000        0x0 c:/7.0/toolchain/avr8/avr8-gnu-toolchain/bin/../lib/gcc/avr/5.4.0/avr5\libgcc.a(_tablejump2.o)
 .bss           0x00000000        0x0 c:/7.0/toolchain/avr8/avr8-gnu-toolchain/bin/../lib/gcc/avr/5.4.0/avr5\libgcc.a(_tablejump2.o)
 .text.libgcc.mul
                0x00000000        0x0 c:/7.0/toolchain/avr8/avr8-gnu-toolchain/bin/../lib/gcc/avr/5.4.0/avr5\libgcc.a(_tablejump2.o)
 .text.libgcc.div
                0x00000000        0x0 c:/7.0/toolchain/avr8/avr8-gnu-toolchain/bin/../lib/gcc/avr/5.4.0/avr5\libgcc.a(_tablejump2.o)
 .text.libgcc   0x00000000        0xc c:/7.0/toolchain/avr8/avr8-gnu-toolchain/bin/../lib/gcc/avr/5.4.0/avr5\libgcc.a(_tablejump2.o)
 .text.libgcc.prologue
                0x00000000        0x0 c:/7.0/toolchain/avr8/avr8-gnu-toolchain/bin/../lib/gcc/avr/5.4.0/avr5\libgcc.a(_tablejump2.o)
 .text.libgcc.builtins
                0x00000000        0x0 c:/7.0/toolchain/avr8/avr8-gnu-toolchain/bin/../lib/gcc/avr/5.4.0/avr5\libgcc.a(_tablejump2.o)
 .text.libgcc.fmul
                0x00000000        0x0 c:/7.0/toolchain/avr8/avr8-gnu-toolchain/bin/../lib/gcc/avr/5.4.0/avr5\libgcc.a(_tablejump2.o)
 .text.libgcc.fixed
                0x00000000        0x0 c:/7.0/toolchain/avr8/avr8-gnu-toolchain/bin/../lib/gcc/avr/5.4.0/avr5\libgcc.a(_tablejump2.o)
 .text          0x00000000        0x0 c:/7.0/toolchain/avr8/avr8-gnu-toolchain/bin/../lib/gcc/avr/5.4.0/avr5\libgcc.a(_copy_data.o)
 .data          0x00000000        0x0 c:/7.0/toolchain/avr8/avr8-gnu-toolchain/bin/../lib/gcc/avr/5.4.0/avr5\libgcc.a(_copy_data.o)
 .bss           0x00000000        0x0 c:/7.0/toolchain/avr8/avr8-gnu-toolchain/bin/../lib/gcc/avr/5.4.0/avr5\libgcc.a(_copy_data.o)
 .text.libgcc.mul
                0x00000000        0x0 c:/7.0/toolchain/avr8/avr8-gnu-toolchain/bin/../lib/gcc/avr/5.4.0/avr5\libgcc.a(_copy_data.o)
 .text.libgcc.div
                0x00000000        0x0 c:/7.0/toolchain/avr8/avr8-gnu-toolchain/bin/../lib/gcc/avr/5.4.0/avr5\libgcc.a(_copy_data.o)
 .text.libgcc   0x00000000        0x0 c:/7.0/toolchain/avr8/avr8-gnu-toolchain/bin/../lib/gcc/avr/5.4.0/avr5\libgcc.a(_copy_data.o)
 .text.libgcc.prologue
                0x00000000        0x0 c:/7.0/toolchain/avr8/avr8-gnu-toolchain/bin/../lib/gcc/avr/5.4.0/avr5\libgcc.a(_copy_data.o)
 .text.libgcc.builtins
                0x00000000        0x0 c:/7.0/toolchain/avr8/avr8-gnu-toolchain/bin/../lib/gcc/avr/5.4.0/avr5\libgcc.a(_copy_data.o)
 .text.libgcc.fmul
                0x00000000        0x0 c:/7.0/toolchain/avr8/avr8-gnu-toolchain/bin/../lib/gcc/avr/5.4.0/avr5\libgcc.a(_copy_data.o)
 .text.libgcc.fixed
                0x00000000        0x0 c:/7.0/toolchain/avr8/avr8-gnu-toolchain/bin/../lib/gcc/avr/5.4.0/avr5\libgcc.a(_copy_data.o)
 .text          0x00000000        0x0 c:/7.0/toolchain/avr8/avr8-gnu-toolchain/bin/../lib/gcc/avr/5.4.0/avr5\libgcc.a(_clear_bss.o)
 .data          0x00000000        0x0 c:/7.0/toolchain/avr8/avr8-gnu-toolchain/bin/../lib/gcc/avr/5.4.0/avr5\libgcc.a(_clear_bss.o)
 .bss           0x00000000        0x0 c:/7.0/toolchain/avr8/avr8-gnu-toolchain/bin/../lib/gcc/avr/5.4.0/avr5\libgcc.a(_clear_bss.o)
 .text.libgcc.mul
                0x00000000        0x0 c:/7.0/toolchain/avr8/avr8-gnu-toolchain/bin/../lib/gcc/avr/5.4.0/avr5\libgcc.a(_clear_bss.o)
 .text.libgcc.div
                0x00000000        0x0 c:/7.0/toolchain/avr8/avr8-gnu-toolchain/bin/../lib/gcc/avr/5.4.0/avr5\libgcc.a(_clear_bss.o)
 .text.libgcc   0x00000000        0x0 c:/7.0/toolchain/avr8/avr8-gnu-toolchain/bin/../lib/gcc/avr/5.4.0/avr5\libgcc.a(_clear_bss.o)
 .text.libgcc.prologue
                0x00000000        0x0 c:/7.0/toolchain/avr8/avr8-gnu-toolchain/bin/../lib/gcc/avr/5.4.0/avr5\libgcc.a(_clear_bss.o)
 .text.libgcc.builtins
                0x00000000        0x0 c:/7.0/toolchain/avr8/avr8-gnu-toolchain/bin/../lib/gcc/avr/5.4.0/avr5\libgcc.a(_clear_bss.o)
 .text.libgcc.fmul
                0x00000000        0x0 c:/7.0/toolchain/avr8/avr8-gnu-toolchain/bin/../lib/gcc/avr/5.4.0/avr5\libgcc.a(_clear_bss.o)
 .text.libgcc.fixed
                0x00000000        0x0 c:/7.0/toolchain/avr8/avr8-gnu-toolchain/bin/../lib/gcc/avr/5.4.0/avr5\libgcc.a(_clear_bss.o)
 .text          0x00000000        0x0 c:/7.0/toolchain/avr8/avr8-gnu-toolchain/bin/../lib/gcc/avr/5.4.0/avr5\libgcc.a(_udivmodsi4.o)
 .data          0x00000000        0x0 c:/7.0/toolchain/avr8/avr8-gnu-toolchain/bin/../lib/gcc/avr/5.4.0/avr5\libgcc.a(_udivmodsi4.o)
 .bss           0x00000000        0x0 c:/7.0/toolchain/avr8/avr8-gnu-toolchain/bin/../lib/gcc/avr/5.4.0/avr5\libgcc.a(_udivmodsi4.o)
 .text.libgcc.mul
                0x00000000        0x0 c:/7.0/toolchain/avr8/avr8-gnu-toolchain/bin/../lib/gcc/avr/5.4.0/avr5\libgcc.a(_udivmodsi4.o)
 .text.libgcc.div
                0x00000000       0x44 c:/7.0/toolchain/avr8/avr8-gnu-toolchain/bin/../lib/gcc/avr/5.4.0/avr5\libgcc.a(_udivmodsi4.o)
 .text.libgcc   0x00000000        0x0 c:/7.0/toolchain/avr8/avr8-gnu-toolchain/bin/../lib/gcc/avr/5.4.0/avr5\libgcc.a(_udivmodsi4.o)
 .text.libgcc.prologue
                0x00000000        0x0 c:/7.0/toolchain/avr8/avr8-gnu-toolchain/bin/../lib/gcc/avr/5.4.0/avr5\libgcc.a(_udivmodsi4.o)
 .text.libgcc.builtins
                0x00000000        0x0 c:/7.0/toolchain/avr8/avr8-gnu-toolchain/bin/../lib/gcc/avr/5.4.0/avr5\libgcc.a(_udivmodsi4.o)
 .text.libgcc.fmul
                0x00000000        0x0 c:/7.0/toolchain/avr8/avr8-gnu-toolchain/bin/../lib/gcc/avr/5.4.0/avr5\libgcc.a(_udivmodsi4.o)
 .text.libgcc.fixed
                0x00000000        0x0 c:/7.0/toolchain/avr8/avr8-gnu-toolchain/bin/../lib/gcc/avr/5.4.0/avr5\libgcc.a(_udivmodsi4.o)

Memory Configuration

Name             Origin             Length             Attributes
text             0x00000000         0x00008000         xr
data             0x00800060         0x00000800         rw !x
eeprom           0x00810000         0x00000400         rw !x
fuse             0x00820000         0x00000002         rw !x
lock             0x00830000         0x00000400         rw !x
signature        0x00840000         0x00000400         rw !x
user_signatures  0x00850000         0x00000400         rw !x
*default*        0x00000000         0xffffffff

Linker script and memory map

LOAD C:/7.0/Packs/atmel/ATmega_DFP/1.7.374/gcc/dev/atmega32/avr5/crtatmega32.o
LOAD APPLICATION/app.o
LOAD ECUAL/lcd/LCD.o
LOAD ECUAL/led/LED.o
LOAD main.o
LOAD MCAL/dio/DIO.o
LOAD MCAL/dio/DIO_Lcfg.o
LOAD MCAL/uart/uart.o
LOAD MCAL/uart/uart_config.o
LOAD SERVICE/BCM/bcm.o
START GROUP
LOAD c:/7.0/toolchain/avr8/avr8-gnu-toolchain/bin/../lib/gcc/avr/5.4.0/../../../../avr/lib/avr5\libm.a
END GROUP
START GROUP
LOAD c:/7.0/toolchain/avr8/avr8-gnu-toolchain/bin/../lib/gcc/avr/5.4.0/avr5\libgcc.a
LOAD c:/7.0/toolchain/avr8/avr8-gnu-toolchain/bin/../lib/gcc/avr/5.4.0/../../../../avr/lib/avr5\libm.a
LOAD c:/7.0/toolchain/avr8/avr8-gnu-toolchain/bin/../lib/gcc/avr/5.4.0/../../../../avr/lib/avr5\libc.a
LOAD C:/7.0/Packs/atmel/ATmega_DFP/1.7.374/gcc/dev/atmega32/avr5\libatmega32.a
END GROUP
                0x00000000                __TEXT_REGION_ORIGIN__ = DEFINED (__TEXT_REGION_ORIGIN__)?__TEXT_REGION_ORIGIN__:0x0
                [0x00800060]                __DATA_REGION_ORIGIN__ = DEFINED (__DATA_REGION_ORIGIN__)?__DATA_REGION_ORIGIN__:0x800060
                [0x00008000]                __TEXT_REGION_LENGTH__ = DEFINED (__TEXT_REGION_LENGTH__)?__TEXT_REGION_LENGTH__:0x20000
                [0x00000800]                __DATA_REGION_LENGTH__ = DEFINED (__DATA_REGION_LENGTH__)?__DATA_REGION_LENGTH__:0xffa0
                [0x00000400]                __EEPROM_REGION_LENGTH__ = DEFINED (__EEPROM_REGION_LENGTH__)?__EEPROM_REGION_LENGTH__:0x10000
                [0x00000002]                __FUSE_REGION_LENGTH__ = DEFINED (__FUSE_REGION_LENGTH__)?__FUSE_REGION_LENGTH__:0x400
                0x00000400                __LOCK_REGION_LENGTH__ = DEFINED (__LOCK_REGION_LENGTH__)?__LOCK_REGION_LENGTH__:0x400
                0x00000400                __SIGNATURE_REGION_LENGTH__ = DEFINED (__SIGNATURE_REGION_LENGTH__)?__SIGNATURE_REGION_LENGTH__:0x400
                0x00000400                __USER_SIGNATURE_REGION_LENGTH__ = DEFINED (__USER_SIGNATURE_REGION_LENGTH__)?__USER_SIGNATURE_REGION_LENGTH__:0x400

.hash
 *(.hash)

.dynsym
 *(.dynsym)

.dynstr
 *(.dynstr)

.gnu.version
 *(.gnu.version)

.gnu.version_d
 *(.gnu.version_d)

.gnu.version_r
 *(.gnu.version_r)

.rel.init
 *(.rel.init)

.rela.init
 *(.rela.init)

.rel.text
 *(.rel.text)
 *(.rel.text.*)
 *(.rel.gnu.linkonce.t*)

.rela.text
 *(.rela.text)
 *(.rela.text.*)
 *(.rela.gnu.linkonce.t*)

.rel.fini
 *(.rel.fini)

.rela.fini
 *(.rela.fini)

.rel.rodata
 *(.rel.rodata)
 *(.rel.rodata.*)
 *(.rel.gnu.linkonce.r*)

.rela.rodata
 *(.rela.rodata)
 *(.rela.rodata.*)
 *(.rela.gnu.linkonce.r*)

.rel.data
 *(.rel.data)
 *(.rel.data.*)
 *(.rel.gnu.linkonce.d*)

.rela.data
 *(.rela.data)
 *(.rela.data.*)
 *(.rela.gnu.linkonce.d*)

.rel.ctors
 *(.rel.ctors)

.rela.ctors
 *(.rela.ctors)

.rel.dtors
 *(.rel.dtors)

.rela.dtors
 *(.rela.dtors)

.rel.got
 *(.rel.got)

.rela.got
 *(.rela.got)

.rel.bss
 *(.rel.bss)

.rela.bss
 *(.rela.bss)

.rel.plt
 *(.rel.plt)

.rela.plt
 *(.rela.plt)

.text           0x00000000      0x970
 *(.vectors)
 .vectors       0x00000000       0x54 C:/7.0/Packs/atmel/ATmega_DFP/1.7.374/gcc/dev/atmega32/avr5/crtatmega32.o
                0x00000000                __vector_default
                0x00000000                __vectors
 *(.vectors)
 *(.progmem.gcc*)
                0x00000054                . = ALIGN (0x2)
                0x00000054                __trampolines_start = .
 *(.trampolines)
 .trampolines   0x00000054        0x0 linker stubs
 *(.trampolines*)
                0x00000054                __trampolines_end = .
 *libprintf_flt.a:*(.progmem.data)
 *libc.a:*(.progmem.data)
 *(.progmem*)
                0x00000054                . = ALIGN (0x2)
 *(.jumptables)
 *(.jumptables*)
 *(.lowtext)
 *(.lowtext*)
                0x00000054                __ctors_start = .
 *(.ctors)
                0x00000054                __ctors_end = .
                0x00000054                __dtors_start = .
 *(.dtors)
                0x00000054                __dtors_end = .
 SORT(*)(.ctors)
 SORT(*)(.dtors)
 *(.init0)
 .init0         0x00000054        0x0 C:/7.0/Packs/atmel/ATmega_DFP/1.7.374/gcc/dev/atmega32/avr5/crtatmega32.o
                0x00000054                __init
 *(.init0)
 *(.init1)
 *(.init1)
 *(.init2)
 .init2         0x00000054        0xc C:/7.0/Packs/atmel/ATmega_DFP/1.7.374/gcc/dev/atmega32/avr5/crtatmega32.o
 *(.init2)
 *(.init3)
 *(.init3)
 *(.init4)
 .init4         0x00000060       0x16 c:/7.0/toolchain/avr8/avr8-gnu-toolchain/bin/../lib/gcc/avr/5.4.0/avr5\libgcc.a(_copy_data.o)
                0x00000060                __do_copy_data
 .init4         0x00000076       0x10 c:/7.0/toolchain/avr8/avr8-gnu-toolchain/bin/../lib/gcc/avr/5.4.0/avr5\libgcc.a(_clear_bss.o)
                0x00000076                __do_clear_bss
 *(.init4)
 *(.init5)
 *(.init5)
 *(.init6)
 *(.init6)
 *(.init7)
 *(.init7)
 *(.init8)
 *(.init8)
 *(.init9)
 .init9         0x00000086        0x8 C:/7.0/Packs/atmel/ATmega_DFP/1.7.374/gcc/dev/atmega32/avr5/crtatmega32.o
 *(.init9)
 *(.text)
 .text          0x0000008e        0x4 C:/7.0/Packs/atmel/ATmega_DFP/1.7.374/gcc/dev/atmega32/avr5/crtatmega32.o
                0x0000008e                __vector_1
                0x0000008e                __vector_12
                0x0000008e                __bad_interrupt
                0x0000008e                __vector_6
                0x0000008e                __vector_3
                0x0000008e                __vector_11
                0x0000008e                __vector_17
                0x0000008e                __vector_19
                0x0000008e                __vector_7
                0x0000008e                __vector_5
                0x0000008e                __vector_4
                0x0000008e                __vector_9
                0x0000008e                __vector_2
                0x0000008e                __vector_8
                0x0000008e                __vector_14
                0x0000008e                __vector_10
                0x0000008e                __vector_16
                0x0000008e                __vector_18
                0x0000008e                __vector_20
                0x00000092                . = ALIGN (0x2)
 *(.text.*)
 .text.BCM_send_End
                0x00000092        0x8 APPLICATION/app.o
                0x00000092                BCM_send_End
 .text.BCM_recieve_End
                0x0000009a       0x30 APPLICATION/app.o
 .text.app_init
                0x000000ca       0x16 APPLICATION/app.o
                0x000000ca                app_init
 .text.app_start
                0x000000e0       0x2e APPLICATION/app.o
                0x000000e0                app_start
 .text.LED_init
                0x0000010e        0x8 ECUAL/led/LED.o
                0x0000010e                LED_init
 .text.LED_Toggle
                0x00000116        0x6 ECUAL/led/LED.o
                0x00000116                LED_Toggle
 .text.main     0x0000011c        0xe main.o
                0x0000011c                main
 .text.DIO_InitPin
                0x0000012a      0x230 MCAL/dio/DIO.o
                0x0000012a                DIO_InitPin
 .text.DIO_TogglePin
                0x0000035a       0x8a MCAL/dio/DIO.o
                0x0000035a                DIO_TogglePin
 .text.uart_init
                0x000003e4      0x218 MCAL/uart/uart.o
                0x000003e4                uart_init
 .text.uart_transmit
                0x000005fc       0x12 MCAL/uart/uart.o
                0x000005fc                uart_transmit
 .text.uart_transmitNoBlock
                0x0000060e        0x4 MCAL/uart/uart.o
                0x0000060e                uart_transmitNoBlock
 .text.uart_transmitComPlete_InterruptEnable
                0x00000612        0x8 MCAL/uart/uart.o
                0x00000612                uart_transmitComPlete_InterruptEnable
 .text.uart_transmitComPlete_InterruptDisable
                0x0000061a        0x8 MCAL/uart/uart.o
                0x0000061a                uart_transmitComPlete_InterruptDisable
 .text.uart_transmitComPlete_InterruptSetCallback
                0x00000622        0xa MCAL/uart/uart.o
                0x00000622                uart_transmitComPlete_InterruptSetCallback
 .text.__vector_15
                0x0000062c       0x52 MCAL/uart/uart.o
                0x0000062c                __vector_15
 .text.uart_recieverNoBlock
                0x0000067e        0x4 MCAL/uart/uart.o
                0x0000067e                uart_recieverNoBlock
 .text.uart_recieveComPlete_InterruptEnable
                0x00000682        0x8 MCAL/uart/uart.o
                0x00000682                uart_recieveComPlete_InterruptEnable
 .text.uart_recieveComPlete_InterruptDisable
                0x0000068a        0x8 MCAL/uart/uart.o
                0x0000068a                uart_recieveComPlete_InterruptDisable
 .text.uart_recieveComPlete_InterruptSetCallback
                0x00000692        0xa MCAL/uart/uart.o
                0x00000692                uart_recieveComPlete_InterruptSetCallback
 .text.__vector_13
                0x0000069c       0x52 MCAL/uart/uart.o
                0x0000069c                __vector_13
 .text.uart_send_isr
                0x000006ee       0x50 SERVICE/BCM/bcm.o
 .text.uart_receive_isr
                0x0000073e       0x7c SERVICE/BCM/bcm.o
 .text.bcm_send_End_Setcallback
                0x000007ba        0xa SERVICE/BCM/bcm.o
                0x000007ba                bcm_send_End_Setcallback
 .text.bcm_recieve_End_Setcallback
                0x000007c4        0xa SERVICE/BCM/bcm.o
                0x000007c4                bcm_recieve_End_Setcallback
 .text.bcm_init
                0x000007ce        0xe SERVICE/BCM/bcm.o
                0x000007ce                bcm_init
 .text.bcm_send_Non_Blocking
                0x000007dc       0x5c SERVICE/BCM/bcm.o
                0x000007dc                bcm_send_Non_Blocking
 .text.uart_bcm_send_dispatcher
                0x00000838       0x96 SERVICE/BCM/bcm.o
                0x00000838                uart_bcm_send_dispatcher
 .text.bcm_recieve_Non_Blocking
                0x000008ce       0x3c SERVICE/BCM/bcm.o
                0x000008ce                bcm_recieve_Non_Blocking
 .text.uart_bcm_recieve_dispatcher
                0x0000090a       0x62 SERVICE/BCM/bcm.o
                0x0000090a                uart_bcm_recieve_dispatcher
                0x0000096c                . = ALIGN (0x2)
 *(.fini9)
 .fini9         0x0000096c        0x0 c:/7.0/toolchain/avr8/avr8-gnu-toolchain/bin/../lib/gcc/avr/5.4.0/avr5\libgcc.a(_exit.o)
                0x0000096c                _exit
                0x0000096c                exit
 *(.fini9)
 *(.fini8)
 *(.fini8)
 *(.fini7)
 *(.fini7)
 *(.fini6)
 *(.fini6)
 *(.fini5)
 *(.fini5)
 *(.fini4)
 *(.fini4)
 *(.fini3)
 *(.fini3)
 *(.fini2)
 *(.fini2)
 *(.fini1)
 *(.fini1)
 *(.fini0)
 .fini0         0x0000096c        0x4 c:/7.0/toolchain/avr8/avr8-gnu-toolchain/bin/../lib/gcc/avr/5.4.0/avr5\libgcc.a(_exit.o)
 *(.fini0)
                0x00000970                _etext = .

.data           0x00800060       0x44 load address 0x00000970
                0x00800060                PROVIDE (__data_start, .)
 *(.data)
 *(.data*)
 .data.str_Check
                0x00800060        0xe APPLICATION/app.o
                0x00800060                str_Check
 .data.str      0x0080006e       0x16 APPLICATION/app.o
                0x0080006e                str
 .data.st_u8_index.2005
                0x00800084        0x1 SERVICE/BCM/bcm.o
 .data.u8_gl_RFlag_S
                0x00800085        0x1 SERVICE/BCM/bcm.o
 .data.u8_gl_TFlag_S
                0x00800086        0x1 SERVICE/BCM/bcm.o
 *(.gnu.linkonce.d*)
 *(.rodata)
 *(.rodata*)
 .rodata.BaudRate_arr
                0x00800087       0x10 MCAL/uart/uart.o
 .rodata.gstr_uart_config_ch
                0x00800097        0xc MCAL/uart/uart_config.o
                0x00800097                gstr_uart_config_ch
 *(.gnu.linkonce.r*)
                0x008000a4                . = ALIGN (0x2)
 *fill*         0x008000a3        0x1 
                0x008000a4                _edata = .
                0x008000a4                PROVIDE (__data_end, .)

.bss            0x008000a4      0x61f
                0x008000a4                PROVIDE (__bss_start, .)
 *(.bss)
 *(.bss*)
 .bss.str2      0x008000a4       0x1e APPLICATION/app.o
                0x008000a4                str2
 .bss.Rfptr     0x008000c2        0x2 MCAL/uart/uart.o
 .bss.Tfptr     0x008000c4        0x2 MCAL/uart/uart.o
 .bss.st_u8_index.2025
                0x008000c6        0x1 SERVICE/BCM/bcm.o
 .bss.st_u8_index.2019
                0x008000c7        0x1 SERVICE/BCM/bcm.o
 .bss.st_u8_row.1994
                0x008000c8        0x1 SERVICE/BCM/bcm.o
 .bss.Rfptr     0x008000c9        0x2 SERVICE/BCM/bcm.o
 .bss.Tfptr     0x008000cb        0x2 SERVICE/BCM/bcm.o
 .bss.u8_gl_ptr_Rstr
                0x008000cd       0x14 SERVICE/BCM/bcm.o
 .bss.gl_u8_dispatcher_receieve_start
                0x008000e1        0x1 SERVICE/BCM/bcm.o
 .bss.u8_gl_row_recieve
                0x008000e2        0x1 SERVICE/BCM/bcm.o
 .bss.u8_gl_RFlag_d
                0x008000e3        0x1 SERVICE/BCM/bcm.o
 .bss.u8_G_Tstr
                0x008000e4      0x5dc SERVICE/BCM/bcm.o
 .bss.gl_u8_dispatcher_send_start
                0x008006c0        0x1 SERVICE/BCM/bcm.o
 .bss.u8_gl_row_send
                0x008006c1        0x1 SERVICE/BCM/bcm.o
 .bss.u8_gl_TFlag_d
                0x008006c2        0x1 SERVICE/BCM/bcm.o
 *(COMMON)
                0x008006c3                PROVIDE (__bss_end, .)
                0x00000970                __data_load_start = LOADADDR (.data)
                0x000009b4                __data_load_end = (__data_load_start + SIZEOF (.data))

.noinit         0x008006c3        0x0
                [!provide]                PROVIDE (__noinit_start, .)
 *(.noinit*)
                [!provide]                PROVIDE (__noinit_end, .)
                0x008006c3                _end = .
                [!provide]                PROVIDE (__heap_start, .)

.eeprom         0x00810000        0x0
 *(.eeprom*)
                0x00810000                __eeprom_end = .

.fuse
 *(.fuse)
 *(.lfuse)
 *(.hfuse)
 *(.efuse)

.lock
 *(.lock*)

.signature
 *(.signature*)

.user_signatures
 *(.user_signatures*)

.stab
 *(.stab)

.stabstr
 *(.stabstr)

.stab.excl
 *(.stab.excl)

.stab.exclstr
 *(.stab.exclstr)

.stab.index
 *(.stab.index)

.stab.indexstr
 *(.stab.indexstr)

.comment        0x00000000       0x30
 *(.comment)
 .comment       0x00000000       0x30 APPLICATION/app.o
                                 0x31 (size before relaxing)
 .comment       0x00000030       0x31 ECUAL/led/LED.o
 .comment       0x00000030       0x31 main.o
 .comment       0x00000030       0x31 MCAL/dio/DIO.o
 .comment       0x00000030       0x31 MCAL/uart/uart.o
 .comment       0x00000030       0x31 MCAL/uart/uart_config.o
 .comment       0x00000030       0x31 SERVICE/BCM/bcm.o

.note.gnu.avr.deviceinfo
                0x00000000       0x3c
 .note.gnu.avr.deviceinfo
                0x00000000       0x3c C:/7.0/Packs/atmel/ATmega_DFP/1.7.374/gcc/dev/atmega32/avr5/crtatmega32.o

.note.gnu.build-id
 *(.note.gnu.build-id)

.debug
 *(.debug)

.line
 *(.line)

.debug_srcinfo
 *(.debug_srcinfo)

.debug_sfnames
 *(.debug_sfnames)

.debug_aranges  0x00000000      0x1f8
 *(.debug_aranges)
 .debug_aranges
                0x00000000       0x38 APPLICATION/app.o
 .debug_aranges
                0x00000038       0x38 ECUAL/led/LED.o
 .debug_aranges
                0x00000070       0x20 main.o
 .debug_aranges
                0x00000090       0x48 MCAL/dio/DIO.o
 .debug_aranges
                0x000000d8       0x80 MCAL/uart/uart.o
 .debug_aranges
                0x00000158       0x18 MCAL/uart/uart_config.o
 .debug_aranges
                0x00000170       0x88 SERVICE/BCM/bcm.o

.debug_pubnames
 *(.debug_pubnames)

.debug_info     0x00000000     0x1ad7
 *(.debug_info .gnu.linkonce.wi.*)
 .debug_info    0x00000000      0x4e6 C:/7.0/Packs/atmel/ATmega_DFP/1.7.374/gcc/dev/atmega32/avr5/crtatmega32.o
 .debug_info    0x000004e6      0x3ae APPLICATION/app.o
 .debug_info    0x00000894      0x1cd ECUAL/led/LED.o
 .debug_info    0x00000a61       0xb4 main.o
 .debug_info    0x00000b15      0x33f MCAL/dio/DIO.o
 .debug_info    0x00000e54      0x44f MCAL/uart/uart.o
 .debug_info    0x000012a3      0x217 MCAL/uart/uart_config.o
 .debug_info    0x000014ba      0x61d SERVICE/BCM/bcm.o

.debug_abbrev   0x00000000      0xc2b
 *(.debug_abbrev)
 .debug_abbrev  0x00000000      0x4a3 C:/7.0/Packs/atmel/ATmega_DFP/1.7.374/gcc/dev/atmega32/avr5/crtatmega32.o
 .debug_abbrev  0x000004a3      0x13c APPLICATION/app.o
 .debug_abbrev  0x000005df       0xac ECUAL/led/LED.o
 .debug_abbrev  0x0000068b       0x65 main.o
 .debug_abbrev  0x000006f0      0x17b MCAL/dio/DIO.o
 .debug_abbrev  0x0000086b      0x179 MCAL/uart/uart.o
 .debug_abbrev  0x000009e4       0x9a MCAL/uart/uart_config.o
 .debug_abbrev  0x00000a7e      0x1ad SERVICE/BCM/bcm.o

.debug_line     0x00000000     0x1148
 *(.debug_line .debug_line.* .debug_line_end)
 .debug_line    0x00000000      0x116 C:/7.0/Packs/atmel/ATmega_DFP/1.7.374/gcc/dev/atmega32/avr5/crtatmega32.o
 .debug_line    0x00000116      0x1d6 APPLICATION/app.o
 .debug_line    0x000002ec       0xf3 ECUAL/led/LED.o
 .debug_line    0x000003df       0x71 main.o
 .debug_line    0x00000450      0x594 MCAL/dio/DIO.o
 .debug_line    0x000009e4      0x343 MCAL/uart/uart.o
 .debug_line    0x00000d27       0x42 MCAL/uart/uart_config.o
 .debug_line    0x00000d69      0x3df SERVICE/BCM/bcm.o

.debug_frame    0x00000000      0x408
 *(.debug_frame)
 .debug_frame   0x00000000       0x54 APPLICATION/app.o
 .debug_frame   0x00000054       0x54 ECUAL/led/LED.o
 .debug_frame   0x000000a8       0x24 main.o
 .debug_frame   0x000000cc       0x7c MCAL/dio/DIO.o
 .debug_frame   0x00000148      0x174 MCAL/uart/uart.o
 .debug_frame   0x000002bc      0x14c SERVICE/BCM/bcm.o

.debug_str      0x00000000      0xabf
 *(.debug_str)
 .debug_str     0x00000000      0x196 C:/7.0/Packs/atmel/ATmega_DFP/1.7.374/gcc/dev/atmega32/avr5/crtatmega32.o
 .debug_str     0x00000196      0x306 APPLICATION/app.o
                                0x33a (size before relaxing)
 .debug_str     0x0000049c       0x62 ECUAL/led/LED.o
                                0x1c2 (size before relaxing)
 .debug_str     0x000004fe       0x11 main.o
                                0x170 (size before relaxing)
 .debug_str     0x0000050f       0x7c MCAL/dio/DIO.o
                                0x2dc (size before relaxing)
 .debug_str     0x0000058b      0x3a7 MCAL/uart/uart.o
                                0x501 (size before relaxing)
 .debug_str     0x00000932       0x1b MCAL/uart/uart_config.o
                                0x369 (size before relaxing)
 .debug_str     0x0000094d      0x172 SERVICE/BCM/bcm.o
                                0x4e2 (size before relaxing)

.debug_loc      0x00000000     0x1061
 *(.debug_loc)
 .debug_loc     0x00000000       0x3e APPLICATION/app.o
 .debug_loc     0x0000003e       0x84 ECUAL/led/LED.o
 .debug_loc     0x000000c2      0xa5d MCAL/dio/DIO.o
 .debug_loc     0x00000b1f      0x1d4 MCAL/uart/uart.o
 .debug_loc     0x00000cf3      0x36e SERVICE/BCM/bcm.o

.debug_macinfo
 *(.debug_macinfo)

.debug_weaknames
 *(.debug_weaknames)

.debug_funcnames
 *(.debug_funcnames)

.debug_typenames
 *(.debug_typenames)

.debug_varnames
 *(.debug_varnames)

.debug_pubtypes
 *(.debug_pubtypes)

.debug_ranges   0x00000000      0x180
 *(.debug_ranges)
 .debug_ranges  0x00000000       0x28 APPLICATION/app.o
 .debug_ranges  0x00000028       0x28 ECUAL/led/LED.o
 .debug_ranges  0x00000050       0x10 main.o
 .debug_ranges  0x00000060       0x38 MCAL/dio/DIO.o
 .debug_ranges  0x00000098       0x70 MCAL/uart/uart.o
 .debug_ranges  0x00000108       0x78 SERVICE/BCM/bcm.o

.debug_macro
 *(.debug_macro)
OUTPUT(tes2.elf elf32-avr)
LOAD linker stubs
